// Jest Snapshot v1, https://goo.gl/fbAQLP

exports[`GET /verification/request returns the presentation definition 1`] = `undefined`;
